// Jest Snapshot v1, https://goo.gl/fbAQLP

exports[`Indecision should match with snapshot 1`] = `
<!--v-if-->
<div class="bg-dark"></div>
<div class="indecision-container"><input data-testid="input" type="text" placeholder="Hazme una pregunta">
  <p>Recuerda terminar con un signo de interrogaci√≥n (?)</p>
  <!--v-if-->
</div>
`;
